// Jest Snapshot v1, https://goo.gl/fbAQLP

exports[`LoginsContainer testQueries 1`] = `
Array [
  Object {
    "data": Object {
      "userStates": Array [
        Object {
          "__typename": "UserStateType",
          "data": Object {
            "__typename": "UserStateDataType",
            "userProjects": Array [
              Object {
                "__typename": "UserProjectDataType",
                "project": Object {
                  "__typename": "ProjectType",
                  "deleted": null,
                },
              },
              Object {
                "__typename": "UserProjectDataType",
                "project": Object {
                  "__typename": "ProjectType",
                  "deleted": null,
                },
              },
            ],
            "userRegions": Array [
              Object {
                "__typename": "UserRegionDataType",
                "region": Object {
                  "__typename": "RegionType",
                  "deleted": null,
                },
              },
            ],
          },
          "user": Object {
            "__typename": "UserType",
          },
        },
      ],
    },
    "loading": false,
    "networkStatus": 7,
  },
]
`;
